  Γû▓ Next.js 14.2.3
  - Environments: .env.local

   Creating an optimized production build ...
 Γ£ô Compiled successfully
   Linting and checking validity of types ...
node.exe : Failed to 
compile.
At C:\Program 
Files\nodejs\npx.ps1:29 
char:3
+   & $NODE_EXE $NPX_CLI_JS 
$args
+   ~~~~~~~~~~~~~~~~~~~~~~~~
~~~~~
    + CategoryInfo          
    : NotSpecified: (Faile  
  d to compile.:String) [   
 ], RemoteException
    + FullyQualifiedErrorId 
    : NativeCommandError
 

./src/app/admin/shares/page.
tsx:5:29
Type error: Cannot find 
module 
'@/hooks/use-debounce' or 
its corresponding type 
declarations.

[0m [90m 3 |[39m 
[36mimport[39m { 
useState[33m,[39m 
useEffect[33m,[39m 
useCallback } 
[36mfrom[39m 
[32m'react'[39m[0m
[0m [90m 4 |[39m 
[36mimport[39m { 
useRouter[33m,[39m 
useSearchParams[33m,[39m 
usePathname } 
[36mfrom[39m [32m'next/na
vigation'[39m[0m
[0m[31m[1m>[22m[39m[90
m 5 |[39m [36mimport[39m 
{ useDebounce } 
[36mfrom[39m [32m'@/hooks
/use-debounce'[39m[0m
[0m [90m   |[39m         
                    
[31m[1m^[22m[39m[0m
[0m [90m 6 |[39m 
[36mimport[39m { 
[33mCard[39m[33m,[39m [
33mCardContent[39m[33m,[3
9m [33mCardDescription[39m
[33m,[39m [33mCardHeader
[39m[33m,[39m [33mCardTit
le[39m[33m,[39m 
[33mCardFooter[39m } 
[36mfrom[39m [32m'@/compo
nents/ui/card'[39m[0m
[0m [90m 7 |[39m 
[36mimport[39m { 
[33mBadge[39m } 
[36mfrom[39m [32m'@/compo
nents/ui/badge'[39m[0m
[0m [90m 8 |[39m 
[36mimport[39m { 
[33mButton[39m } 
[36mfrom[39m [32m'@/compo
nents/ui/button'[39m[0m
